== device run start Wed Sep 23 16:13:25 AEST 2026
16:13:29 c1-pre q_r4---sn-hxa7zn7s_googlevideo_com r=1234818000010002000000011072342d2d2d736e2d687861377a6e37730b676f6f676c65766964656f03636f6d00000100011072342d2d2d736e2d687861377a6e37730b676f6f676c65766964656f03636f6d00000500010000070800200272340b736e2d687861377a6e37730b676f6f676c65766964656f03636f6d000272340b736e2d687861377a6e37730b676f6f676c65766964656f03636f6d00000100010000070800044a7d6d290000290000000000000017000c001300000000000000000000000000000000000000
16:13:33 c1-pre q_rr1---sn-a5mekn6k_googlevideo_com r=123480800001000100000000117272312d2d2d736e2d61356d656b6e366b0b676f6f676c65766964656f03636f6d0000010001c00c00010001000029150004adc208e6
16:13:37 c1-pre q_www_youtube_com r=1234808000010008000000000377777707796f757475626503636f6d0000010001c00c000100010000008100048efb9604c00c000100010000008100048efb9a04c00c000100010000008100048efb9804c00c000100010000008100048efb9c04c00c000100010000008100048efb9704c00c000100010000008100048efb9b04c00c000100010000008100048efb9904c00c000100010000008100048efb9d04
16:14:04 c1-lte q_r4---sn-hxa7zn7s_googlevideo_com r=1234808000010001000000001072342d2d2d736e2d687861377a6e37730b676f6f676c65766964656f03636f6d0000010001c00c00010001000006e500044a7d6d29
16:14:08 c1-lte q_rr1---sn-a5mekn6k_googlevideo_com r=123480800001000100000000117272312d2d2d736e2d61356d656b6e366b0b676f6f676c65766964656f03636f6d0000010001c00c000100010000296a0004adc208e6
16:14:12 c1-lte q_www_youtube_com r=1234808000010008000000000377777707796f757475626503636f6d0000010001c00c00010001000000d600048efb9604c00c00010001000000d600048efb9a04c00c00010001000000d600048efb9804c00c00010001000000d600048efb9c04c00c00010001000000d600048efb9704c00c00010001000000d600048efb9b04c00c00010001000000d600048efb9904c00c00010001000000d600048efb9d04
16:15:01 c1-wifi q_r4---sn-hxa7zn7s_googlevideo_com r=1234808000010001000000001072342d2d2d736e2d687861377a6e37730b676f6f676c65766964656f03636f6d0000010001c00c000100010000072400044a7d6d29
16:15:05 c1-wifi q_rr1---sn-a5mekn6k_googlevideo_com r=123480800001000100000000117272312d2d2d736e2d61356d656b6e366b0b676f6f676c65766964656f03636f6d0000010001c00c00010001000029a90004adc208e6
16:15:09 c1-wifi q_www_youtube_com r=1234808000010008000000000377777707796f757475626503636f6d0000010001c00c000100010000011500048efb9604c00c000100010000011500048efb9a04c00c000100010000011500048efb9804c00c000100010000011500048efb9c04c00c000100010000011500048efb9704c00c000100010000011500048efb9b04c00c000100010000011500048efb9904c00c000100010000011500048efb9d04
16:15:13 c2-pre q_r4---sn-hxa7zn7s_googlevideo_com r=1234808000010001000000001072342d2d2d736e2d687861377a6e37730b676f6f676c65766964656f03636f6d0000010001c00c000100010000079000044a7d6d29
16:15:17 c2-pre q_rr1---sn-a5mekn6k_googlevideo_com r=123480800001000100000000117272312d2d2d736e2d61356d656b6e366b0b676f6f676c65766964656f03636f6d0000010001c00c0001000100002a150004adc208e6
16:15:21 c2-pre q_www_youtube_com r=1234808000010008000000000377777707796f757475626503636f6d0000010001c00c000100010000018100048efb9604c00c000100010000018100048efb9a04c00c000100010000018100048efb9804c00c000100010000018100048efb9c04c00c000100010000018100048efb9704c00c000100010000018100048efb9b04c00c000100010000018100048efb9904c00c000100010000018100048efb9d04
16:15:47 c2-lte q_r4---sn-hxa7zn7s_googlevideo_com r=1234808000010001000000001072342d2d2d736e2d687861377a6e37730b676f6f676c65766964656f03636f6d0000010001c00c00010001000007e500044a7d6d29
16:15:52 c2-lte q_rr1---sn-a5mekn6k_googlevideo_com r=123480800001000100000000117272312d2d2d736e2d61356d656b6e366b0b676f6f676c65766964656f03636f6d0000010001c00c0001000100002a6a0004adc208e6
16:15:56 c2-lte q_www_youtube_com r=1234808000010008000000000377777707796f757475626503636f6d0000010001c00c00010001000001d700048efb9604c00c00010001000001d700048efb9a04c00c00010001000001d700048efb9804c00c00010001000001d700048efb9c04c00c00010001000001d700048efb9704c00c00010001000001d700048efb9b04c00c00010001000001d700048efb9904c00c00010001000001d700048efb9d04
16:16:45 c2-wifi q_r4---sn-hxa7zn7s_googlevideo_com r=1234808000010001000000001072342d2d2d736e2d687861377a6e37730b676f6f676c65766964656f03636f6d0000010001c00c000100010000082400044a7d6d29
16:16:49 c2-wifi q_rr1---sn-a5mekn6k_googlevideo_com r=123480800001000100000000117272312d2d2d736e2d61356d656b6e366b0b676f6f676c65766964656f03636f6d0000010001c00c0001000100002aa90004adc208e6
16:16:53 c2-wifi q_www_youtube_com r=1234808000010008000000000377777707796f757475626503636f6d0000010001c00c000100010000021500048efb9604c00c000100010000021500048efb9a04c00c000100010000021500048efb9804c00c000100010000021500048efb9c04c00c000100010000021500048efb9704c00c000100010000021500048efb9b04c00c000100010000021500048efb9904c00c000100010000021500048efb9d04
16:16:57 c3-pre q_r4---sn-hxa7zn7s_googlevideo_com r=1234808000010001000000001072342d2d2d736e2d687861377a6e37730b676f6f676c65766964656f03636f6d0000010001c00c000100010000089000044a7d6d29
16:17:01 c3-pre q_rr1---sn-a5mekn6k_googlevideo_com r=123480800001000100000000117272312d2d2d736e2d61356d656b6e366b0b676f6f676c65766964656f03636f6d0000010001c00c0001000100002b150004adc208e6
16:17:05 c3-pre q_www_youtube_com r=1234808000010008000000000377777707796f757475626503636f6d0000010001c00c000100010000028100048efb9604c00c000100010000028100048efb9a04c00c000100010000028100048efb9804c00c000100010000028100048efb9c04c00c000100010000028100048efb9704c00c000100010000028100048efb9b04c00c000100010000028100048efb9904c00c000100010000028100048efb9d04
16:17:31 c3-lte q_r4---sn-hxa7zn7s_googlevideo_com r=1234808000010001000000001072342d2d2d736e2d687861377a6e37730b676f6f676c65766964656f03636f6d0000010001c00c00010001000008e500044a7d6d29
16:17:35 c3-lte q_rr1---sn-a5mekn6k_googlevideo_com r=123480800001000100000000117272312d2d2d736e2d61356d656b6e366b0b676f6f676c65766964656f03636f6d0000010001c00c0001000100002b6a0004adc208e6
16:17:40 c3-lte q_www_youtube_com r=1234808000010008000000000377777707796f757475626503636f6d0000010001c00c00010001000002d700048efb9604c00c00010001000002d700048efb9a04c00c00010001000002d700048efb9804c00c00010001000002d700048efb9c04c00c00010001000002d700048efb9704c00c00010001000002d700048efb9b04c00c00010001000002d700048efb9904c00c00010001000002d700048efb9d04
16:18:29 c3-wifi q_r4---sn-hxa7zn7s_googlevideo_com r=1234808000010001000000001072342d2d2d736e2d687861377a6e37730b676f6f676c65766964656f03636f6d0000010001c00c000100010000092400044a7d6d29
16:18:33 c3-wifi q_rr1---sn-a5mekn6k_googlevideo_com r=123480800001000100000000117272312d2d2d736e2d61356d656b6e366b0b676f6f676c65766964656f03636f6d0000010001c00c0001000100002ba90004adc208e6
16:18:37 c3-wifi q_www_youtube_com r=1234808000010008000000000377777707796f757475626503636f6d0000010001c00c000100010000031500048efb9604c00c000100010000031500048efb9a04c00c000100010000031500048efb9804c00c000100010000031500048efb9c04c00c000100010000031500048efb9704c00c000100010000031500048efb9b04c00c000100010000031500048efb9904c00c000100010000031500048efb9d04
16:18:41 c4-pre q_r4---sn-hxa7zn7s_googlevideo_com r=1234808000010001000000001072342d2d2d736e2d687861377a6e37730b676f6f676c65766964656f03636f6d0000010001c00c000100010000099000044a7d6d29
16:18:45 c4-pre q_rr1---sn-a5mekn6k_googlevideo_com r=123480800001000100000000117272312d2d2d736e2d61356d656b6e366b0b676f6f676c65766964656f03636f6d0000010001c00c0001000100002c150004adc208e6
16:18:49 c4-pre q_www_youtube_com r=1234808000010008000000000377777707796f757475626503636f6d0000010001c00c000100010000038100048efb9604c00c000100010000038100048efb9a04c00c000100010000038100048efb9804c00c000100010000038100048efb9c04c00c000100010000038100048efb9704c00c000100010000038100048efb9b04c00c000100010000038100048efb9904c00c000100010000038100048efb9d04
16:19:15 c4-lte q_r4---sn-hxa7zn7s_googlevideo_com r=1234808000010001000000001072342d2d2d736e2d687861377a6e37730b676f6f676c65766964656f03636f6d0000010001c00c00010001000009e600044a7d6d29
16:19:19 c4-lte q_rr1---sn-a5mekn6k_googlevideo_com r=123480800001000100000000117272312d2d2d736e2d61356d656b6e366b0b676f6f676c65766964656f03636f6d0000010001c00c0001000100002c6b0004adc208e6
16:19:23 c4-lte q_www_youtube_com r=1234808000010008000000000377777707796f757475626503636f6d0000010001c00c00010001000003d700048efb9604c00c00010001000003d700048efb9a04c00c00010001000003d700048efb9804c00c00010001000003d700048efb9c04c00c00010001000003d700048efb9704c00c00010001000003d700048efb9b04c00c00010001000003d700048efb9904c00c00010001000003d700048efb9d04
16:20:13 c4-wifi q_r4---sn-hxa7zn7s_googlevideo_com r=1234808000010001000000001072342d2d2d736e2d687861377a6e37730b676f6f676c65766964656f03636f6d0000010001c00c0001000100000a2400044a7d6d29
16:20:17 c4-wifi q_rr1---sn-a5mekn6k_googlevideo_com r=123480800001000100000000117272312d2d2d736e2d61356d656b6e366b0b676f6f676c65766964656f03636f6d0000010001c00c0001000100002ca90004adc208e6
16:20:21 c4-wifi q_www_youtube_com r=1234808000010008000000000377777707796f757475626503636f6d0000010001c00c000100010000041500048efb9604c00c000100010000041500048efb9a04c00c000100010000041500048efb9804c00c000100010000041500048efb9c04c00c000100010000041500048efb9704c00c000100010000041500048efb9b04c00c000100010000041500048efb9904c00c000100010000041500048efb9d04
16:20:25 c5-pre q_r4---sn-hxa7zn7s_googlevideo_com r=1234808000010001000000001072342d2d2d736e2d687861377a6e37730b676f6f676c65766964656f03636f6d0000010001c00c0001000100000a9000044a7d6d29
16:20:29 c5-pre q_rr1---sn-a5mekn6k_googlevideo_com r=123480800001000100000000117272312d2d2d736e2d61356d656b6e366b0b676f6f676c65766964656f03636f6d0000010001c00c0001000100002d150004adc208e6
16:20:33 c5-pre q_www_youtube_com r=1234808000010008000000000377777707796f757475626503636f6d0000010001c00c000100010000048100048efb9604c00c000100010000048100048efb9a04c00c000100010000048100048efb9804c00c000100010000048100048efb9c04c00c000100010000048100048efb9704c00c000100010000048100048efb9b04c00c000100010000048100048efb9904c00c000100010000048100048efb9d04
16:20:59 c5-lte q_r4---sn-hxa7zn7s_googlevideo_com r=1234808000010001000000001072342d2d2d736e2d687861377a6e37730b676f6f676c65766964656f03636f6d0000010001c00c0001000100000ae600044a7d6d29
16:21:03 c5-lte q_rr1---sn-a5mekn6k_googlevideo_com r=123480800001000100000000117272312d2d2d736e2d61356d656b6e366b0b676f6f676c65766964656f03636f6d0000010001c00c0001000100002d6b0004adc208e6
16:21:07 c5-lte q_www_youtube_com r=1234808000010008000000000377777707796f757475626503636f6d0000010001c00c00010001000004d700048efb9604c00c00010001000004d700048efb9a04c00c00010001000004d700048efb9804c00c00010001000004d700048efb9c04c00c00010001000004d700048efb9704c00c00010001000004d700048efb9b04c00c00010001000004d700048efb9904c00c00010001000004d700048efb9d04
16:21:56 c5-wifi q_r4---sn-hxa7zn7s_googlevideo_com r=1234808000010001000000001072342d2d2d736e2d687861377a6e37730b676f6f676c65766964656f03636f6d0000010001c00c0001000100000b2400044a7d6d29
16:22:00 c5-wifi q_rr1---sn-a5mekn6k_googlevideo_com r=123480800001000100000000117272312d2d2d736e2d61356d656b6e366b0b676f6f676c65766964656f03636f6d0000010001c00c0001000100002daa0004adc208e6
16:22:04 c5-wifi q_www_youtube_com r=1234808000010008000000000377777707796f757475626503636f6d0000010001c00c000100010000051600048efb9604c00c000100010000051600048efb9a04c00c000100010000051600048efb9804c00c000100010000051600048efb9c04c00c000100010000051600048efb9704c00c000100010000051600048efb9b04c00c000100010000051600048efb9904c00c000100010000051600048efb9d04
16:22:09 c6-pre q_r4---sn-hxa7zn7s_googlevideo_com r=1234808000010001000000001072342d2d2d736e2d687861377a6e37730b676f6f676c65766964656f03636f6d0000010001c00c0001000100000b9000044a7d6d29
16:22:13 c6-pre q_rr1---sn-a5mekn6k_googlevideo_com r=123480800001000100000000117272312d2d2d736e2d61356d656b6e366b0b676f6f676c65766964656f03636f6d0000010001c00c0001000100002e150004adc208e6
16:22:17 c6-pre q_www_youtube_com r=1234808000010008000000000377777707796f757475626503636f6d0000010001c00c000100010000058200048efb9604c00c000100010000058200048efb9a04c00c000100010000058200048efb9804c00c000100010000058200048efb9c04c00c000100010000058200048efb9704c00c000100010000058200048efb9b04c00c000100010000058200048efb9904c00c000100010000058200048efb9d04
16:22:43 c6-lte q_r4---sn-hxa7zn7s_googlevideo_com r=1234808000010001000000001072342d2d2d736e2d687861377a6e37730b676f6f676c65766964656f03636f6d0000010001c00c0001000100000be600044a7d6d29
16:22:47 c6-lte q_rr1---sn-a5mekn6k_googlevideo_com r=123480800001000100000000117272312d2d2d736e2d61356d656b6e366b0b676f6f676c65766964656f03636f6d0000010001c00c0001000100002e6b0004adc208e6
16:22:51 c6-lte q_www_youtube_com r=1234808000010008000000000377777707796f757475626503636f6d0000010001c00c00010001000005d700048efb9604c00c00010001000005d700048efb9a04c00c00010001000005d700048efb9804c00c00010001000005d700048efb9c04c00c00010001000005d700048efb9704c00c00010001000005d700048efb9b04c00c00010001000005d700048efb9904c00c00010001000005d700048efb9d04
16:23:40 c6-wifi q_r4---sn-hxa7zn7s_googlevideo_com r=1234808000010001000000001072342d2d2d736e2d687861377a6e37730b676f6f676c65766964656f03636f6d0000010001c00c0001000100000c2500044a7d6d29
16:23:44 c6-wifi q_rr1---sn-a5mekn6k_googlevideo_com r=123480800001000100000000117272312d2d2d736e2d61356d656b6e366b0b676f6f676c65766964656f03636f6d0000010001c00c0001000100002eaa0004adc208e6
16:23:48 c6-wifi q_www_youtube_com r=1234808000010008000000000377777707796f757475626503636f6d0000010001c00c000100010000061600048efb9604c00c000100010000061600048efb9a04c00c000100010000061600048efb9804c00c000100010000061600048efb9c04c00c000100010000061600048efb9704c00c000100010000061600048efb9b04c00c000100010000061600048efb9904c00c000100010000061600048efb9d04
16:23:52 c7-pre q_r4---sn-hxa7zn7s_googlevideo_com r=1234808000010001000000001072342d2d2d736e2d687861377a6e37730b676f6f676c65766964656f03636f6d0000010001c00c0001000100000c9000044a7d6d29
16:23:56 c7-pre q_rr1---sn-a5mekn6k_googlevideo_com r=123480800001000100000000117272312d2d2d736e2d61356d656b6e366b0b676f6f676c65766964656f03636f6d0000010001c00c0001000100002f150004adc208e6
16:24:01 c7-pre q_www_youtube_com r=1234808000010008000000000377777707796f757475626503636f6d0000010001c00c000100010000068200048efb9604c00c000100010000068200048efb9a04c00c000100010000068200048efb9804c00c000100010000068200048efb9c04c00c000100010000068200048efb9704c00c000100010000068200048efb9b04c00c000100010000068200048efb9904c00c000100010000068200048efb9d04
16:24:27 c7-lte q_r4---sn-hxa7zn7s_googlevideo_com r=1234808000010001000000001072342d2d2d736e2d687861377a6e37730b676f6f676c65766964656f03636f6d0000010001c00c0001000100000ce600044a7d6d29
16:24:31 c7-lte q_rr1---sn-a5mekn6k_googlevideo_com r=123480800001000100000000117272312d2d2d736e2d61356d656b6e366b0b676f6f676c65766964656f03636f6d0000010001c00c0001000100002f6b0004adc208e6
16:24:35 c7-lte q_www_youtube_com r=1234808000010008000000000377777707796f757475626503636f6d0000010001c00c00010001000006d700048efb9604c00c00010001000006d700048efb9a04c00c00010001000006d700048efb9804c00c00010001000006d700048efb9c04c00c00010001000006d700048efb9704c00c00010001000006d700048efb9b04c00c00010001000006d700048efb9904c00c00010001000006d700048efb9d04
16:25:24 c7-wifi q_r4---sn-hxa7zn7s_googlevideo_com r=1234808000010001000000001072342d2d2d736e2d687861377a6e37730b676f6f676c65766964656f03636f6d0000010001c00c0001000100000d2500044a7d6d29
16:25:28 c7-wifi q_rr1---sn-a5mekn6k_googlevideo_com r=123480800001000100000000117272312d2d2d736e2d61356d656b6e366b0b676f6f676c65766964656f03636f6d0000010001c00c0001000100002faa0004adc208e6
16:25:32 c7-wifi q_www_youtube_com r=1234808000010008000000000377777707796f757475626503636f6d0000010001c00c000100010000071600048efb9604c00c000100010000071600048efb9a04c00c000100010000071600048efb9804c00c000100010000071600048efb9c04c00c000100010000071600048efb9704c00c000100010000071600048efb9b04c00c000100010000071600048efb9904c00c000100010000071600048efb9d04
16:25:36 c8-pre q_r4---sn-hxa7zn7s_googlevideo_com r=1234808000010001000000001072342d2d2d736e2d687861377a6e37730b676f6f676c65766964656f03636f6d0000010001c00c0001000100000d9100044a7d6d29
16:25:40 c8-pre q_rr1---sn-a5mekn6k_googlevideo_com r=123480800001000100000000117272312d2d2d736e2d61356d656b6e366b0b676f6f676c65766964656f03636f6d0000010001c00c00010001000030160004adc208e6
16:25:44 c8-pre q_www_youtube_com r=1234808000010008000000000377777707796f757475626503636f6d0000010001c00c000100010000078200048efb9604c00c000100010000078200048efb9a04c00c000100010000078200048efb9804c00c000100010000078200048efb9c04c00c000100010000078200048efb9704c00c000100010000078200048efb9b04c00c000100010000078200048efb9904c00c000100010000078200048efb9d04
16:26:10 c8-lte q_r4---sn-hxa7zn7s_googlevideo_com r=1234808000010001000000001072342d2d2d736e2d687861377a6e37730b676f6f676c65766964656f03636f6d0000010001c00c0001000100000de600044a7d6d29
16:26:15 c8-lte q_rr1---sn-a5mekn6k_googlevideo_com r=123480800001000100000000117272312d2d2d736e2d61356d656b6e366b0b676f6f676c65766964656f03636f6d0000010001c00c000100010000306b0004adc208e6
16:26:19 c8-lte q_www_youtube_com r=1234808000010008000000000377777707796f757475626503636f6d0000010001c00c00010001000007d800048efb9604c00c00010001000007d800048efb9a04c00c00010001000007d800048efb9804c00c00010001000007d800048efb9c04c00c00010001000007d800048efb9704c00c00010001000007d800048efb9b04c00c00010001000007d800048efb9904c00c00010001000007d800048efb9d04
16:27:08 c8-wifi q_r4---sn-hxa7zn7s_googlevideo_com r=1234808000010001000000001072342d2d2d736e2d687861377a6e37730b676f6f676c65766964656f03636f6d0000010001c00c0001000100000e2500044a7d6d29
16:27:12 c8-wifi q_rr1---sn-a5mekn6k_googlevideo_com r=123480800001000100000000117272312d2d2d736e2d61356d656b6e366b0b676f6f676c65766964656f03636f6d0000010001c00c00010001000030aa0004adc208e6
16:27:16 c8-wifi q_www_youtube_com r=1234808000010008000000000377777707796f757475626503636f6d0000010001c00c000100010000081600048efb9604c00c000100010000081600048efb9a04c00c000100010000081600048efb9804c00c000100010000081600048efb9c04c00c000100010000081600048efb9704c00c000100010000081600048efb9b04c00c000100010000081600048efb9904c00c000100010000081600048efb9d04
16:27:20 c9-pre q_r4---sn-hxa7zn7s_googlevideo_com r=1234808000010001000000001072342d2d2d736e2d687861377a6e37730b676f6f676c65766964656f03636f6d0000010001c00c0001000100000e9100044a7d6d29
16:27:24 c9-pre q_rr1---sn-a5mekn6k_googlevideo_com r=123480800001000100000000117272312d2d2d736e2d61356d656b6e366b0b676f6f676c65766964656f03636f6d0000010001c00c00010001000031160004adc208e6
16:27:28 c9-pre q_www_youtube_com r=1234808000010008000000000377777707796f757475626503636f6d0000010001c00c000100010000088200048efb9604c00c000100010000088200048efb9a04c00c000100010000088200048efb9804c00c000100010000088200048efb9c04c00c000100010000088200048efb9704c00c000100010000088200048efb9b04c00c000100010000088200048efb9904c00c000100010000088200048efb9d04
16:27:54 c9-lte q_r4---sn-hxa7zn7s_googlevideo_com r=1234808000010001000000001072342d2d2d736e2d687861377a6e37730b676f6f676c65766964656f03636f6d0000010001c00c0001000100000ee600044a7d6d29
16:27:59 c9-lte q_rr1---sn-a5mekn6k_googlevideo_com r=123480800001000100000000117272312d2d2d736e2d61356d656b6e366b0b676f6f676c65766964656f03636f6d0000010001c00c000100010000316b0004adc208e6
16:28:03 c9-lte q_www_youtube_com r=1234808000010008000000000377777707796f757475626503636f6d0000010001c00c00010001000008d800048efb9604c00c00010001000008d800048efb9a04c00c00010001000008d800048efb9804c00c00010001000008d800048efb9c04c00c00010001000008d800048efb9704c00c00010001000008d800048efb9b04c00c00010001000008d800048efb9904c00c00010001000008d800048efb9d04
16:28:52 c9-wifi q_r4---sn-hxa7zn7s_googlevideo_com r=1234808000010001000000001072342d2d2d736e2d687861377a6e37730b676f6f676c65766964656f03636f6d0000010001c00c0001000100000f2500044a7d6d29
16:28:56 c9-wifi q_rr1---sn-a5mekn6k_googlevideo_com r=123480800001000100000000117272312d2d2d736e2d61356d656b6e366b0b676f6f676c65766964656f03636f6d0000010001c00c00010001000031aa0004adc208e6
16:29:00 c9-wifi q_www_youtube_com r=1234808000010008000000000377777707796f757475626503636f6d0000010001c00c000100010000091600048efb9604c00c000100010000091600048efb9a04c00c000100010000091600048efb9804c00c000100010000091600048efb9c04c00c000100010000091600048efb9704c00c000100010000091600048efb9b04c00c000100010000091600048efb9904c00c000100010000091600048efb9d04
16:29:04 c10-pre q_r4---sn-hxa7zn7s_googlevideo_com r=1234808000010001000000001072342d2d2d736e2d687861377a6e37730b676f6f676c65766964656f03636f6d0000010001c00c0001000100000f9100044a7d6d29
16:29:08 c10-pre q_rr1---sn-a5mekn6k_googlevideo_com r=123480800001000100000000117272312d2d2d736e2d61356d656b6e366b0b676f6f676c65766964656f03636f6d0000010001c00c00010001000032160004adc208e6
16:29:12 c10-pre q_www_youtube_com r=1234808000010008000000000377777707796f757475626503636f6d0000010001c00c000100010000098200048efb9604c00c000100010000098200048efb9a04c00c000100010000098200048efb9804c00c000100010000098200048efb9c04c00c000100010000098200048efb9704c00c000100010000098200048efb9b04c00c000100010000098200048efb9904c00c000100010000098200048efb9d04
16:29:38 c10-lte q_r4---sn-hxa7zn7s_googlevideo_com r=1234808000010001000000001072342d2d2d736e2d687861377a6e37730b676f6f676c65766964656f03636f6d0000010001c00c0001000100000fe600044a7d6d29
16:29:42 c10-lte q_rr1---sn-a5mekn6k_googlevideo_com r=123480800001000100000000117272312d2d2d736e2d61356d656b6e366b0b676f6f676c65766964656f03636f6d0000010001c00c000100010000326b0004adc208e6
16:29:46 c10-lte q_www_youtube_com r=1234808000010008000000000377777707796f757475626503636f6d0000010001c00c00010001000009d800048efb9604c00c00010001000009d800048efb9a04c00c00010001000009d800048efb9804c00c00010001000009d800048efb9c04c00c00010001000009d800048efb9704c00c00010001000009d800048efb9b04c00c00010001000009d800048efb9904c00c00010001000009d800048efb9d04
16:30:36 c10-wifi q_r4---sn-hxa7zn7s_googlevideo_com r=1234808000010001000000001072342d2d2d736e2d687861377a6e37730b676f6f676c65766964656f03636f6d0000010001c00c000100010000102500044a7d6d29
16:30:40 c10-wifi q_rr1---sn-a5mekn6k_googlevideo_com r=123480800001000100000000117272312d2d2d736e2d61356d656b6e366b0b676f6f676c65766964656f03636f6d0000010001c00c00010001000032aa0004adc208e6
16:30:44 c10-wifi q_www_youtube_com r=1234808000010008000000000377777707796f757475626503636f6d0000010001c00c0001000100000a1600048efb9604c00c0001000100000a1600048efb9a04c00c0001000100000a1600048efb9804c00c0001000100000a1600048efb9c04c00c0001000100000a1600048efb9704c00c0001000100000a1600048efb9b04c00c0001000100000a1600048efb9904c00c0001000100000a1600048efb9d04
16:30:48 c11-pre q_r4---sn-hxa7zn7s_googlevideo_com r=1234808000010001000000001072342d2d2d736e2d687861377a6e37730b676f6f676c65766964656f03636f6d0000010001c00c000100010000109100044a7d6d29
16:30:52 c11-pre q_rr1---sn-a5mekn6k_googlevideo_com r=123480800001000100000000117272312d2d2d736e2d61356d656b6e366b0b676f6f676c65766964656f03636f6d0000010001c00c00010001000033160004adc208e6
16:30:56 c11-pre q_www_youtube_com r=1234808000010008000000000377777707796f757475626503636f6d0000010001c00c0001000100000a8200048efb9604c00c0001000100000a8200048efb9a04c00c0001000100000a8200048efb9804c00c0001000100000a8200048efb9c04c00c0001000100000a8200048efb9704c00c0001000100000a8200048efb9b04c00c0001000100000a8200048efb9904c00c0001000100000a8200048efb9d04
16:31:22 c11-lte q_r4---sn-hxa7zn7s_googlevideo_com r=1234808000010001000000001072342d2d2d736e2d687861377a6e37730b676f6f676c65766964656f03636f6d0000010001c00c00010001000010e700044a7d6d29
16:31:26 c11-lte q_rr1---sn-a5mekn6k_googlevideo_com r=123480800001000100000000117272312d2d2d736e2d61356d656b6e366b0b676f6f676c65766964656f03636f6d0000010001c00c000100010000336c0004adc208e6
16:31:30 c11-lte q_www_youtube_com r=1234808000010008000000000377777707796f757475626503636f6d0000010001c00c0001000100000ad800048efb9604c00c0001000100000ad800048efb9a04c00c0001000100000ad800048efb9804c00c0001000100000ad800048efb9c04c00c0001000100000ad800048efb9704c00c0001000100000ad800048efb9b04c00c0001000100000ad800048efb9904c00c0001000100000ad800048efb9d04
16:32:19 c11-wifi q_r4---sn-hxa7zn7s_googlevideo_com r=1234808000010001000000001072342d2d2d736e2d687861377a6e37730b676f6f676c65766964656f03636f6d0000010001c00c000100010000112500044a7d6d29
16:32:24 c11-wifi q_rr1---sn-a5mekn6k_googlevideo_com r=123480800001000100000000117272312d2d2d736e2d61356d656b6e366b0b676f6f676c65766964656f03636f6d0000010001c00c00010001000033aa0004adc208e6
16:32:28 c11-wifi q_www_youtube_com r=1234808000010008000000000377777707796f757475626503636f6d0000010001c00c0001000100000b1700048efb9604c00c0001000100000b1700048efb9a04c00c0001000100000b1700048efb9804c00c0001000100000b1700048efb9c04c00c0001000100000b1700048efb9704c00c0001000100000b1700048efb9b04c00c0001000100000b1700048efb9904c00c0001000100000b1700048efb9d04
16:32:32 c12-pre q_r4---sn-hxa7zn7s_googlevideo_com r=1234808000010001000000001072342d2d2d736e2d687861377a6e37730b676f6f676c65766964656f03636f6d0000010001c00c000100010000119100044a7d6d29
16:32:36 c12-pre q_rr1---sn-a5mekn6k_googlevideo_com r=123480800001000100000000117272312d2d2d736e2d61356d656b6e366b0b676f6f676c65766964656f03636f6d0000010001c00c00010001000034160004adc208e6
16:32:40 c12-pre q_www_youtube_com r=1234808000010008000000000377777707796f757475626503636f6d0000010001c00c0001000100000b8200048efb9604c00c0001000100000b8200048efb9a04c00c0001000100000b8200048efb9804c00c0001000100000b8200048efb9c04c00c0001000100000b8200048efb9704c00c0001000100000b8200048efb9b04c00c0001000100000b8200048efb9904c00c0001000100000b8200048efb9d04
16:33:06 c12-lte q_r4---sn-hxa7zn7s_googlevideo_com r=1234808000010001000000001072342d2d2d736e2d687861377a6e37730b676f6f676c65766964656f03636f6d0000010001c00c00010001000011e700044a7d6d29
16:33:10 c12-lte q_rr1---sn-a5mekn6k_googlevideo_com r=123480800001000100000000117272312d2d2d736e2d61356d656b6e366b0b676f6f676c65766964656f03636f6d0000010001c00c000100010000346c0004adc208e6
16:33:14 c12-lte q_www_youtube_com r=1234808000010008000000000377777707796f757475626503636f6d0000010001c00c0001000100000c5000048efb9604c00c0001000100000c5000048efb9a04c00c0001000100000c5000048efb9804c00c0001000100000c5000048efb9c04c00c0001000100000c5000048efb9704c00c0001000100000c5000048efb9b04c00c0001000100000c5000048efb9904c00c0001000100000c5000048efb9d04
16:34:03 c12-wifi q_r4---sn-hxa7zn7s_googlevideo_com r=1234808000010001000000001072342d2d2d736e2d687861377a6e37730b676f6f676c65766964656f03636f6d0000010001c00c000100010000122500044a7d6d29
16:34:07 c12-wifi q_rr1---sn-a5mekn6k_googlevideo_com r=123480800001000100000000117272312d2d2d736e2d61356d656b6e366b0b676f6f676c65766964656f03636f6d0000010001c00c00010001000034ab0004adc208e6
16:34:11 c12-wifi q_www_youtube_com r=1234808000010008000000000377777707796f757475626503636f6d0000010001c00c0001000100000c8f00048efb9604c00c0001000100000c8f00048efb9a04c00c0001000100000c8f00048efb9804c00c0001000100000c8f00048efb9c04c00c0001000100000c8f00048efb9704c00c0001000100000c8f00048efb9b04c00c0001000100000c8f00048efb9904c00c0001000100000c8f00048efb9d04
16:34:15 c13-pre q_r4---sn-hxa7zn7s_googlevideo_com r=1234808000010001000000001072342d2d2d736e2d687861377a6e37730b676f6f676c65766964656f03636f6d0000010001c00c000100010000129100044a7d6d29
16:34:20 c13-pre q_rr1---sn-a5mekn6k_googlevideo_com r=123480800001000100000000117272312d2d2d736e2d61356d656b6e366b0b676f6f676c65766964656f03636f6d0000010001c00c00010001000035160004adc208e6
16:34:24 c13-pre q_www_youtube_com r=1234808000010008000000000377777707796f757475626503636f6d0000010001c00c0001000100000cfb00048efb9604c00c0001000100000cfb00048efb9a04c00c0001000100000cfb00048efb9804c00c0001000100000cfb00048efb9c04c00c0001000100000cfb00048efb9704c00c0001000100000cfb00048efb9b04c00c0001000100000cfb00048efb9904c00c0001000100000cfb00048efb9d04
16:34:50 c13-lte q_r4---sn-hxa7zn7s_googlevideo_com r=1234808000010001000000001072342d2d2d736e2d687861377a6e37730b676f6f676c65766964656f03636f6d0000010001c00c00010001000012e700044a7d6d29
16:34:54 c13-lte q_rr1---sn-a5mekn6k_googlevideo_com r=123480800001000100000000117272312d2d2d736e2d61356d656b6e366b0b676f6f676c65766964656f03636f6d0000010001c00c000100010000356c0004adc208e6
16:34:58 c13-lte q_www_youtube_com r=1234808000010008000000000377777707796f757475626503636f6d0000010001c00c0001000100000d5000048efb9604c00c0001000100000d5000048efb9a04c00c0001000100000d5000048efb9804c00c0001000100000d5000048efb9c04c00c0001000100000d5000048efb9704c00c0001000100000d5000048efb9b04c00c0001000100000d5000048efb9904c00c0001000100000d5000048efb9d04
16:35:47 c13-wifi q_r4---sn-hxa7zn7s_googlevideo_com r=1234808000010001000000001072342d2d2d736e2d687861377a6e37730b676f6f676c65766964656f03636f6d0000010001c00c000100010000132600044a7d6d29
16:35:51 c13-wifi q_rr1---sn-a5mekn6k_googlevideo_com r=123480800001000100000000117272312d2d2d736e2d61356d656b6e366b0b676f6f676c65766964656f03636f6d0000010001c00c00010001000035ab0004adc208e6
16:35:55 c13-wifi q_www_youtube_com r=1234808000010008000000000377777707796f757475626503636f6d0000010001c00c0001000100000d8f00048efb9604c00c0001000100000d8f00048efb9a04c00c0001000100000d8f00048efb9804c00c0001000100000d8f00048efb9c04c00c0001000100000d8f00048efb9704c00c0001000100000d8f00048efb9b04c00c0001000100000d8f00048efb9904c00c0001000100000d8f00048efb9d04
16:35:59 c14-pre q_r4---sn-hxa7zn7s_googlevideo_com r=1234808000010001000000001072342d2d2d736e2d687861377a6e37730b676f6f676c65766964656f03636f6d0000010001c00c000100010000139100044a7d6d29
16:36:03 c14-pre q_rr1---sn-a5mekn6k_googlevideo_com r=123480800001000100000000117272312d2d2d736e2d61356d656b6e366b0b676f6f676c65766964656f03636f6d0000010001c00c00010001000036160004adc208e6
16:36:08 c14-pre q_www_youtube_com r=1234808000010008000000000377777707796f757475626503636f6d0000010001c00c0001000100000dfb00048efb9604c00c0001000100000dfb00048efb9a04c00c0001000100000dfb00048efb9804c00c0001000100000dfb00048efb9c04c00c0001000100000dfb00048efb9704c00c0001000100000dfb00048efb9b04c00c0001000100000dfb00048efb9904c00c0001000100000dfb00048efb9d04
16:36:34 c14-lte q_r4---sn-hxa7zn7s_googlevideo_com r=1234808000010001000000001072342d2d2d736e2d687861377a6e37730b676f6f676c65766964656f03636f6d0000010001c00c00010001000013e700044a7d6d29
16:36:38 c14-lte q_rr1---sn-a5mekn6k_googlevideo_com r=123480800001000100000000117272312d2d2d736e2d61356d656b6e366b0b676f6f676c65766964656f03636f6d0000010001c00c000100010000366c0004adc208e6
16:36:42 c14-lte q_www_youtube_com r=1234808000010008000000000377777707796f757475626503636f6d0000010001c00c0001000100000e5000048efb9604c00c0001000100000e5000048efb9a04c00c0001000100000e5000048efb9804c00c0001000100000e5000048efb9c04c00c0001000100000e5000048efb9704c00c0001000100000e5000048efb9b04c00c0001000100000e5000048efb9904c00c0001000100000e5000048efb9d04
16:37:31 c14-wifi q_r4---sn-hxa7zn7s_googlevideo_com r=1234808000010001000000001072342d2d2d736e2d687861377a6e37730b676f6f676c65766964656f03636f6d0000010001c00c000100010000142600044a7d6d29
16:37:35 c14-wifi q_rr1---sn-a5mekn6k_googlevideo_com r=123480800001000100000000117272312d2d2d736e2d61356d656b6e366b0b676f6f676c65766964656f03636f6d0000010001c00c00010001000036ab0004adc208e6
16:37:39 c14-wifi q_www_youtube_com r=1234808000010008000000000377777707796f757475626503636f6d0000010001c00c0001000100000e8f00048efb9604c00c0001000100000e8f00048efb9a04c00c0001000100000e8f00048efb9804c00c0001000100000e8f00048efb9c04c00c0001000100000e8f00048efb9704c00c0001000100000e8f00048efb9b04c00c0001000100000e8f00048efb9904c00c0001000100000e8f00048efb9d04
== cycles done Wed Sep 23 16:37:39 AEST 2026, observing 15min no-restart
16:38:13 obs1 q_r4---sn-hxa7zn7s_googlevideo_com r=1234808000010001000000001072342d2d2d736e2d687861377a6e37730b676f6f676c65766964656f03636f6d0000010001c00c000100010000147300044a7d6d29
16:38:17 obs1 q_rr1---sn-a5mekn6k_googlevideo_com r=123480800001000100000000117272312d2d2d736e2d61356d656b6e366b0b676f6f676c65766964656f03636f6d0000010001c00c00010001000036f90004adc208e6
16:38:21 obs1 q_www_youtube_com r=1234808000010008000000000377777707796f757475626503636f6d0000010001c00c0001000100000edd00048efb9604c00c0001000100000edd00048efb9a04c00c0001000100000edd00048efb9804c00c0001000100000edd00048efb9c04c00c0001000100000edd00048efb9704c00c0001000100000edd00048efb9b04c00c0001000100000edd00048efb9904c00c0001000100000edd00048efb9d04
16:38:55 obs2 q_r4---sn-hxa7zn7s_googlevideo_com r=1234808000010001000000001072342d2d2d736e2d687861377a6e37730b676f6f676c65766964656f03636f6d0000010001c00c00010001000014c100044a7d6d29
16:39:00 obs2 q_rr1---sn-a5mekn6k_googlevideo_com r=123480800001000100000000117272312d2d2d736e2d61356d656b6e366b0b676f6f676c65766964656f03636f6d0000010001c00c00010001000037460004adc208e6
16:39:04 obs2 q_www_youtube_com r=1234808000010008000000000377777707796f757475626503636f6d0000010001c00c0001000100000f2b00048efb9604c00c0001000100000f2b00048efb9a04c00c0001000100000f2b00048efb9804c00c0001000100000f2b00048efb9c04c00c0001000100000f2b00048efb9704c00c0001000100000f2b00048efb9b04c00c0001000100000f2b00048efb9904c00c0001000100000f2b00048efb9d04
16:39:38 obs3 q_r4---sn-hxa7zn7s_googlevideo_com r=1234808000010001000000001072342d2d2d736e2d687861377a6e37730b676f6f676c65766964656f03636f6d0000010001c00c000100010000150f00044a7d6d29
16:39:42 obs3 q_rr1---sn-a5mekn6k_googlevideo_com r=123480800001000100000000117272312d2d2d736e2d61356d656b6e366b0b676f6f676c65766964656f03636f6d0000010001c00c00010001000037940004adc208e6
16:39:46 obs3 q_www_youtube_com r=1234808000010008000000000377777707796f757475626503636f6d0000010001c00c0001000100000ff000048efb9604c00c0001000100000ff000048efb9a04c00c0001000100000ff000048efb9804c00c0001000100000ff000048efb9c04c00c0001000100000ff000048efb9704c00c0001000100000ff000048efb9b04c00c0001000100000ff000048efb9904c00c0001000100000ff000048efb9d04
16:40:20 obs4 q_r4---sn-hxa7zn7s_googlevideo_com r=1234808000010001000000001072342d2d2d736e2d687861377a6e37730b676f6f676c65766964656f03636f6d0000010001c00c000100010000155d00044a7d6d29
16:40:24 obs4 q_rr1---sn-a5mekn6k_googlevideo_com r=123480800001000100000000117272312d2d2d736e2d61356d656b6e366b0b676f6f676c65766964656f03636f6d0000010001c00c00010001000037e20004adc208e6
16:40:28 obs4 q_www_youtube_com r=1234808000010008000000000377777707796f757475626503636f6d0000010001c00c000100010000103e00048efb9604c00c000100010000103e00048efb9a04c00c000100010000103e00048efb9804c00c000100010000103e00048efb9c04c00c000100010000103e00048efb9704c00c000100010000103e00048efb9b04c00c000100010000103e00048efb9904c00c000100010000103e00048efb9d04
16:41:02 obs5 q_r4---sn-hxa7zn7s_googlevideo_com r=1234808000010001000000001072342d2d2d736e2d687861377a6e37730b676f6f676c65766964656f03636f6d0000010001c00c00010001000015aa00044a7d6d29
16:41:06 obs5 q_rr1---sn-a5mekn6k_googlevideo_com r=123480800001000100000000117272312d2d2d736e2d61356d656b6e366b0b676f6f676c65766964656f03636f6d0000010001c00c000100010000382f0004adc208e6
16:41:10 obs5 q_www_youtube_com r=1234808000010008000000000377777707796f757475626503636f6d0000010001c00c000100010000108c00048efb9604c00c000100010000108c00048efb9a04c00c000100010000108c00048efb9804c00c000100010000108c00048efb9c04c00c000100010000108c00048efb9704c00c000100010000108c00048efb9b04c00c000100010000108c00048efb9904c00c000100010000108c00048efb9d04
16:41:45 obs6 q_r4---sn-hxa7zn7s_googlevideo_com r=1234808000010001000000001072342d2d2d736e2d687861377a6e37730b676f6f676c65766964656f03636f6d0000010001c00c00010001000015f800044a7d6d29
16:41:49 obs6 q_rr1---sn-a5mekn6k_googlevideo_com r=123480800001000100000000117272312d2d2d736e2d61356d656b6e366b0b676f6f676c65766964656f03636f6d0000010001c00c000100010000387d0004adc208e6
16:41:53 obs6 q_www_youtube_com r=1234808000010008000000000377777707796f757475626503636f6d0000010001c00c00010001000010d900048efb9604c00c00010001000010d900048efb9a04c00c00010001000010d900048efb9804c00c00010001000010d900048efb9c04c00c00010001000010d900048efb9704c00c00010001000010d900048efb9b04c00c00010001000010d900048efb9904c00c00010001000010d900048efb9d04
16:42:27 obs7 q_r4---sn-hxa7zn7s_googlevideo_com r=1234808000010001000000001072342d2d2d736e2d687861377a6e37730b676f6f676c65766964656f03636f6d0000010001c00c000100010000164600044a7d6d29
16:42:31 obs7 q_rr1---sn-a5mekn6k_googlevideo_com r=123480800001000100000000117272312d2d2d736e2d61356d656b6e366b0b676f6f676c65766964656f03636f6d0000010001c00c00010001000038cb0004adc208e6
16:42:35 obs7 q_www_youtube_com r=1234808000010008000000000377777707796f757475626503636f6d0000010001c00c000100010000112700048efb9604c00c000100010000112700048efb9a04c00c000100010000112700048efb9804c00c000100010000112700048efb9c04c00c000100010000112700048efb9704c00c000100010000112700048efb9b04c00c000100010000112700048efb9904c00c000100010000112700048efb9d04
16:43:09 obs8 q_r4---sn-hxa7zn7s_googlevideo_com r=1234808000010001000000001072342d2d2d736e2d687861377a6e37730b676f6f676c65766964656f03636f6d0000010001c00c000100010000169400044a7d6d29
16:43:13 obs8 q_rr1---sn-a5mekn6k_googlevideo_com r=123480800001000100000000117272312d2d2d736e2d61356d656b6e366b0b676f6f676c65766964656f03636f6d0000010001c00c00010001000039190004adc208e6
16:43:17 obs8 q_www_youtube_com r=1234808000010008000000000377777707796f757475626503636f6d0000010001c00c000100010000117500048efb9604c00c000100010000117500048efb9a04c00c000100010000117500048efb9804c00c000100010000117500048efb9c04c00c000100010000117500048efb9704c00c000100010000117500048efb9b04c00c000100010000117500048efb9904c00c000100010000117500048efb9d04
16:43:51 obs9 q_r4---sn-hxa7zn7s_googlevideo_com r=1234808000010001000000001072342d2d2d736e2d687861377a6e37730b676f6f676c65766964656f03636f6d0000010001c00c00010001000016e100044a7d6d29
16:43:56 obs9 q_rr1---sn-a5mekn6k_googlevideo_com r=123480800001000100000000117272312d2d2d736e2d61356d656b6e366b0b676f6f676c65766964656f03636f6d0000010001c00c00010001000039660004adc208e6
16:44:00 obs9 q_www_youtube_com r=1234808000010008000000000377777707796f757475626503636f6d0000010001c00c00010001000011c300048efb9604c00c00010001000011c300048efb9a04c00c00010001000011c300048efb9804c00c00010001000011c300048efb9c04c00c00010001000011c300048efb9704c00c00010001000011c300048efb9b04c00c00010001000011c300048efb9904c00c00010001000011c300048efb9d04
16:44:34 obs10 q_r4---sn-hxa7zn7s_googlevideo_com r=1234808000010001000000001072342d2d2d736e2d687861377a6e37730b676f6f676c65766964656f03636f6d0000010001c00c000100010000172f00044a7d6d29
16:44:38 obs10 q_rr1---sn-a5mekn6k_googlevideo_com r=123480800001000100000000117272312d2d2d736e2d61356d656b6e366b0b676f6f676c65766964656f03636f6d0000010001c00c00010001000039b40004adc208e6
16:44:42 obs10 q_www_youtube_com r=1234808000010008000000000377777707796f757475626503636f6d0000010001c00c000100010000121000048efb9604c00c000100010000121000048efb9a04c00c000100010000121000048efb9804c00c000100010000121000048efb9c04c00c000100010000121000048efb9704c00c000100010000121000048efb9b04c00c000100010000121000048efb9904c00c000100010000121000048efb9d04
16:45:16 obs11 q_r4---sn-hxa7zn7s_googlevideo_com r=1234808000010001000000001072342d2d2d736e2d687861377a6e37730b676f6f676c65766964656f03636f6d0000010001c00c000100010000177d00044a7d6d29
16:45:20 obs11 q_rr1---sn-a5mekn6k_googlevideo_com r=123480800001000100000000117272312d2d2d736e2d61356d656b6e366b0b676f6f676c65766964656f03636f6d0000010001c00c0001000100003a020004adc208e6
16:45:24 obs11 q_www_youtube_com r=1234808000010008000000000377777707796f757475626503636f6d0000010001c00c000100010000125e00048efb9604c00c000100010000125e00048efb9a04c00c000100010000125e00048efb9804c00c000100010000125e00048efb9c04c00c000100010000125e00048efb9704c00c000100010000125e00048efb9b04c00c000100010000125e00048efb9904c00c000100010000125e00048efb9d04
16:45:58 obs12 q_r4---sn-hxa7zn7s_googlevideo_com r=1234808000010001000000001072342d2d2d736e2d687861377a6e37730b676f6f676c65766964656f03636f6d0000010001c00c00010001000017ca00044a7d6d29
16:46:02 obs12 q_rr1---sn-a5mekn6k_googlevideo_com r=123480800001000100000000117272312d2d2d736e2d61356d656b6e366b0b676f6f676c65766964656f03636f6d0000010001c00c0001000100003a500004adc208e6
16:46:06 obs12 q_www_youtube_com r=1234808000010008000000000377777707796f757475626503636f6d0000010001c00c00010001000012ac00048efb9604c00c00010001000012ac00048efb9a04c00c00010001000012ac00048efb9804c00c00010001000012ac00048efb9c04c00c00010001000012ac00048efb9704c00c00010001000012ac00048efb9b04c00c00010001000012ac00048efb9904c00c00010001000012ac00048efb9d04
16:46:41 obs13 q_r4---sn-hxa7zn7s_googlevideo_com r=1234808000010001000000001072342d2d2d736e2d687861377a6e37730b676f6f676c65766964656f03636f6d0000010001c00c000100010000181800044a7d6d29
16:46:45 obs13 q_rr1---sn-a5mekn6k_googlevideo_com r=123480800001000100000000117272312d2d2d736e2d61356d656b6e366b0b676f6f676c65766964656f03636f6d0000010001c00c0001000100003a9d0004adc208e6
16:46:49 obs13 q_www_youtube_com r=1234808000010008000000000377777707796f757475626503636f6d0000010001c00c00010001000012fa00048efb9604c00c00010001000012fa00048efb9a04c00c00010001000012fa00048efb9804c00c00010001000012fa00048efb9c04c00c00010001000012fa00048efb9704c00c00010001000012fa00048efb9b04c00c00010001000012fa00048efb9904c00c00010001000012fa00048efb9d04
16:47:23 obs14 q_r4---sn-hxa7zn7s_googlevideo_com r=1234808000010001000000001072342d2d2d736e2d687861377a6e37730b676f6f676c65766964656f03636f6d0000010001c00c000100010000186600044a7d6d29
16:47:27 obs14 q_rr1---sn-a5mekn6k_googlevideo_com r=123480800001000100000000117272312d2d2d736e2d61356d656b6e366b0b676f6f676c65766964656f03636f6d0000010001c00c0001000100003aeb0004adc208e6
16:47:31 obs14 q_www_youtube_com r=1234808000010008000000000377777707796f757475626503636f6d0000010001c00c000100010000134700048efb9604c00c000100010000134700048efb9a04c00c000100010000134700048efb9804c00c000100010000134700048efb9c04c00c000100010000134700048efb9704c00c000100010000134700048efb9b04c00c000100010000134700048efb9904c00c000100010000134700048efb9d04
16:48:05 obs15 q_r4---sn-hxa7zn7s_googlevideo_com r=1234808000010001000000001072342d2d2d736e2d687861377a6e37730b676f6f676c65766964656f03636f6d0000010001c00c00010001000018b400044a7d6d29
16:48:09 obs15 q_rr1---sn-a5mekn6k_googlevideo_com r=123480800001000100000000117272312d2d2d736e2d61356d656b6e366b0b676f6f676c65766964656f03636f6d0000010001c00c0001000100003b390004adc208e6
16:48:13 obs15 q_www_youtube_com r=1234808000010008000000000377777707796f757475626503636f6d0000010001c00c000100010000139500048efb9604c00c000100010000139500048efb9a04c00c000100010000139500048efb9804c00c000100010000139500048efb9c04c00c000100010000139500048efb9704c00c000100010000139500048efb9b04c00c000100010000139500048efb9904c00c000100010000139500048efb9d04
16:48:47 obs16 q_r4---sn-hxa7zn7s_googlevideo_com r=1234808000010001000000001072342d2d2d736e2d687861377a6e37730b676f6f676c65766964656f03636f6d0000010001c00c000100010000190100044a7d6d29
16:48:51 obs16 q_rr1---sn-a5mekn6k_googlevideo_com r=123480800001000100000000117272312d2d2d736e2d61356d656b6e366b0b676f6f676c65766964656f03636f6d0000010001c00c0001000100003b860004adc208e6
16:48:55 obs16 q_www_youtube_com r=1234808000010008000000000377777707796f757475626503636f6d0000010001c00c00010001000013e300048efb9604c00c00010001000013e300048efb9a04c00c00010001000013e300048efb9804c00c00010001000013e300048efb9c04c00c00010001000013e300048efb9704c00c00010001000013e300048efb9b04c00c00010001000013e300048efb9904c00c00010001000013e300048efb9d04
16:49:30 obs17 q_r4---sn-hxa7zn7s_googlevideo_com r=1234808000010001000000001072342d2d2d736e2d687861377a6e37730b676f6f676c65766964656f03636f6d0000010001c00c000100010000194f00044a7d6d29
16:49:34 obs17 q_rr1---sn-a5mekn6k_googlevideo_com r=123480800001000100000000117272312d2d2d736e2d61356d656b6e366b0b676f6f676c65766964656f03636f6d0000010001c00c0001000100003bd40004adc208e6
16:49:38 obs17 q_www_youtube_com r=1234808000010008000000000377777707796f757475626503636f6d0000010001c00c000100010000143000048efb9604c00c000100010000143000048efb9a04c00c000100010000143000048efb9804c00c000100010000143000048efb9c04c00c000100010000143000048efb9704c00c000100010000143000048efb9b04c00c000100010000143000048efb9904c00c000100010000143000048efb9d04
16:50:12 obs18 q_r4---sn-hxa7zn7s_googlevideo_com r=1234808000010001000000001072342d2d2d736e2d687861377a6e37730b676f6f676c65766964656f03636f6d0000010001c00c000100010000199d00044a7d6d29
16:50:16 obs18 q_rr1---sn-a5mekn6k_googlevideo_com r=123480800001000100000000117272312d2d2d736e2d61356d656b6e366b0b676f6f676c65766964656f03636f6d0000010001c00c0001000100003c220004adc208e6
16:50:20 obs18 q_www_youtube_com r=1234808000010008000000000377777707796f757475626503636f6d0000010001c00c000100010000147e00048efb9604c00c000100010000147e00048efb9a04c00c000100010000147e00048efb9804c00c000100010000147e00048efb9c04c00c000100010000147e00048efb9704c00c000100010000147e00048efb9b04c00c000100010000147e00048efb9904c00c000100010000147e00048efb9d04
16:50:54 obs19 q_r4---sn-hxa7zn7s_googlevideo_com r=1234808000010001000000001072342d2d2d736e2d687861377a6e37730b676f6f676c65766964656f03636f6d0000010001c00c00010001000019eb00044a7d6d29
16:50:58 obs19 q_rr1---sn-a5mekn6k_googlevideo_com r=123480800001000100000000117272312d2d2d736e2d61356d656b6e366b0b676f6f676c65766964656f03636f6d0000010001c00c0001000100003c700004adc208e6
16:51:02 obs19 q_www_youtube_com r=1234808000010008000000000377777707796f757475626503636f6d0000010001c00c00010001000014cc00048efb9604c00c00010001000014cc00048efb9a04c00c00010001000014cc00048efb9804c00c00010001000014cc00048efb9c04c00c00010001000014cc00048efb9704c00c00010001000014cc00048efb9b04c00c00010001000014cc00048efb9904c00c00010001000014cc00048efb9d04
16:51:36 obs20 q_r4---sn-hxa7zn7s_googlevideo_com r=1234808000010001000000001072342d2d2d736e2d687861377a6e37730b676f6f676c65766964656f03636f6d0000010001c00c0001000100001a3800044a7d6d29
16:51:40 obs20 q_rr1---sn-a5mekn6k_googlevideo_com r=123480800001000100000000117272312d2d2d736e2d61356d656b6e366b0b676f6f676c65766964656f03636f6d0000010001c00c0001000100003cbd0004adc208e6
16:51:44 obs20 q_www_youtube_com r=1234808000010008000000000377777707796f757475626503636f6d0000010001c00c000100010000151a00048efb9604c00c000100010000151a00048efb9a04c00c000100010000151a00048efb9804c00c000100010000151a00048efb9c04c00c000100010000151a00048efb9704c00c000100010000151a00048efb9b04c00c000100010000151a00048efb9904c00c000100010000151a00048efb9d04
16:52:19 obs21 q_r4---sn-hxa7zn7s_googlevideo_com r=1234808000010001000000001072342d2d2d736e2d687861377a6e37730b676f6f676c65766964656f03636f6d0000010001c00c0001000100001a8600044a7d6d29
16:52:23 obs21 q_rr1---sn-a5mekn6k_googlevideo_com r=123480800001000100000000117272312d2d2d736e2d61356d656b6e366b0b676f6f676c65766964656f03636f6d0000010001c00c0001000100003d0b0004adc208e6
16:52:27 obs21 q_www_youtube_com r=1234808000010008000000000377777707796f757475626503636f6d0000010001c00c000100010000156700048efb9604c00c000100010000156700048efb9a04c00c000100010000156700048efb9804c00c000100010000156700048efb9c04c00c000100010000156700048efb9704c00c000100010000156700048efb9b04c00c000100010000156700048efb9904c00c000100010000156700048efb9d04
16:53:01 obs22 q_r4---sn-hxa7zn7s_googlevideo_com r=1234808000010001000000001072342d2d2d736e2d687861377a6e37730b676f6f676c65766964656f03636f6d0000010001c00c0001000100001ad400044a7d6d29
16:53:05 obs22 q_rr1---sn-a5mekn6k_googlevideo_com r=123480800001000100000000117272312d2d2d736e2d61356d656b6e366b0b676f6f676c65766964656f03636f6d0000010001c00c0001000100003d590004adc208e6
16:53:09 obs22 q_www_youtube_com r=1234808000010008000000000377777707796f757475626503636f6d0000010001c00c00010001000015b500048efb9604c00c00010001000015b500048efb9a04c00c00010001000015b500048efb9804c00c00010001000015b500048efb9c04c00c00010001000015b500048efb9704c00c00010001000015b500048efb9b04c00c00010001000015b500048efb9904c00c00010001000015b500048efb9d04
16:53:43 obs23 q_r4---sn-hxa7zn7s_googlevideo_com r=1234808000010001000000001072342d2d2d736e2d687861377a6e37730b676f6f676c65766964656f03636f6d0000010001c00c0001000100001b2200044a7d6d29
16:53:47 obs23 q_rr1---sn-a5mekn6k_googlevideo_com r=123480800001000100000000117272312d2d2d736e2d61356d656b6e366b0b676f6f676c65766964656f03636f6d0000010001c00c0001000100003da70004adc208e6
16:53:51 obs23 q_www_youtube_com r=1234808000010008000000000377777707796f757475626503636f6d0000010001c00c000100010000160300048efb9604c00c000100010000160300048efb9a04c00c000100010000160300048efb9804c00c000100010000160300048efb9c04c00c000100010000160300048efb9704c00c000100010000160300048efb9b04c00c000100010000160300048efb9904c00c000100010000160300048efb9d04
16:54:25 obs24 q_r4---sn-hxa7zn7s_googlevideo_com r=1234808000010001000000001072342d2d2d736e2d687861377a6e37730b676f6f676c65766964656f03636f6d0000010001c00c0001000100001b6f00044a7d6d29
16:54:29 obs24 q_rr1---sn-a5mekn6k_googlevideo_com r=123480800001000100000000117272312d2d2d736e2d61356d656b6e366b0b676f6f676c65766964656f03636f6d0000010001c00c0001000100003df50004adc208e6
16:54:33 obs24 q_www_youtube_com r=1234808000010008000000000377777707796f757475626503636f6d0000010001c00c000100010000165100048efb9604c00c000100010000165100048efb9a04c00c000100010000165100048efb9804c00c000100010000165100048efb9c04c00c000100010000165100048efb9704c00c000100010000165100048efb9b04c00c000100010000165100048efb9904c00c000100010000165100048efb9d04
16:55:08 obs25 q_r4---sn-hxa7zn7s_googlevideo_com r=1234808000010001000000001072342d2d2d736e2d687861377a6e37730b676f6f676c65766964656f03636f6d0000010001c00c0001000100001bbd00044a7d6d29
16:55:12 obs25 q_rr1---sn-a5mekn6k_googlevideo_com r=123480800001000100000000117272312d2d2d736e2d61356d656b6e366b0b676f6f676c65766964656f03636f6d0000010001c00c0001000100003e420004adc208e6
16:55:16 obs25 q_www_youtube_com r=1234808000010008000000000377777707796f757475626503636f6d0000010001c00c000100010000169e00048efb9604c00c000100010000169e00048efb9a04c00c000100010000169e00048efb9804c00c000100010000169e00048efb9c04c00c000100010000169e00048efb9704c00c000100010000169e00048efb9b04c00c000100010000169e00048efb9904c00c000100010000169e00048efb9d04
